../Core/Src/main.c:111:5:main	8	static
../Core/Src/main.c:174:6:SystemClock_Config	96	static
../Core/Src/main.c:221:6:HAL_TIM_PeriodElapsedCallback	16	static
../Core/Src/main.c:240:6:lpf_compute_coeffs	56	static
../Core/Src/main.c:273:7:apply_lpf_order2	32	static
../Core/Src/main.c:290:7:apply_kalman_filter	24	static
../Core/Src/main.c:315:6:HAL_ADC_ConvCpltCallback	40	static
../Core/Src/main.c:355:6:process_and_transmit	208	static
../Core/Src/main.c:458:6:Error_Handler	4	static,ignoring_inline_asm
