../Core/Src/main.c:106:5:main	8	static
../Core/Src/main.c:169:6:SystemClock_Config	96	static
../Core/Src/main.c:216:6:HAL_TIM_PeriodElapsedCallback	16	static
../Core/Src/main.c:236:6:lpf_compute_coeffs	56	static
../Core/Src/main.c:269:7:apply_lpf_order2	32	static
../Core/Src/main.c:286:7:apply_kalman_filter	24	static
../Core/Src/main.c:311:6:HAL_ADC_ConvCpltCallback	40	static
../Core/Src/main.c:350:6:process_and_transmit	176	static
../Core/Src/main.c:416:6:Error_Handler	4	static,ignoring_inline_asm
